<html>
<body>
<pre>
<h1>µVision Build Log</h1>
<h2>Tool Versions:</h2>
IDE-Version: µVision V5.38.0.0
Copyright (C) 2022 ARM Ltd and ARM Germany GmbH. All rights reserved.
License Information: Chris Noroozi, University of Sheffield, LIC=JGXHH-F3MSU-KGJ7N-B6QZF-X9RMT-7MG3X
 
Tool Versions:
Toolchain:       MDK-ARM Community  Version: 5.38.0.0
Toolchain Path:  C:\Keil_v5\ARM\ARM_Compiler_5.06u7\Bin
C Compiler:      Armcc.exe V5.06 update 7 (build 960)
Assembler:       Armasm.exe V5.06 update 7 (build 960)
Linker/Locator:  ArmLink.exe V5.06 update 7 (build 960)
Library Manager: ArmAr.exe V5.06 update 7 (build 960)
Hex Converter:   FromElf.exe V5.06 update 7 (build 960)
CPU DLL:         SARMCM3.DLL V5.38.0.0
Dialog DLL:      DARMCM1.DLL V1.19.6.0
Target DLL:      Segger\JL2CM3.dll V2.99.42.0
Dialog DLL:      TARMCM1.DLL V1.14.6.0
 
<h2>Project:</h2>
C:\Users\Chris\Desktop\active_scanner\project_environment\active_scanner.uvprojx
Project File Date:  03/20/2024

<h2>Output:</h2>
*** Using Compiler 'V5.06 update 7 (build 960)', folder: 'C:\Keil_v5\ARM\ARM_Compiler_5.06u7\Bin'
Build target 'DA14531'
compiling user_active_scanner.c...
..\src\user_active_scanner.c(310): warning:  #128-D: loop is not reachable
  	while( index < param->report.data_len) {
..\src\user_active_scanner.c(344): warning:  #128-D: loop is not reachable
  	while( index < param->report.data_len) {
..\src\user_active_scanner.c: 2 warnings, 0 errors
linking...
Program Size: Code=18568 RO-data=3176 RW-data=12 ZI-data=13892  
FromELF: creating hex file...
After Build - User command #1: fromelf --bincombined --output=".\out_DA14531\Objects\active_scanner_531.bin"  ".\out_DA14531\Objects\active_scanner_531.axf"
".\out_DA14531\Objects\active_scanner_531.axf" - 0 Error(s), 2 Warning(s).

<h2>Software Packages used:</h2>

Package Vendor: ARM
                http://www.keil.com/pack/ARM.CMSIS.5.9.0.pack
                ARM.CMSIS.5.9.0
                CMSIS (Common Microcontroller Software Interface Standard)

<h2>Collection of Component include folders:</h2>
  C:/Users/Chris/AppData/Local/Arm/Packs/ARM/CMSIS/5.9.0/Device/ARM/ARMCM0plus/Include

<h2>Collection of Component Files used:</h2>
Build Time Elapsed:  00:00:03
</pre>
</body>
</html>
